=========================================
   libfftpack 0.4: test/test-suite.log
=========================================

# TOTAL: 8
# PASS:  8
# SKIP:  0
# XFAIL: 0
# FAIL:  0
# XPASS: 0
# ERROR: 0

.. contents:: :depth: 2

